Microsoft Windows [Version 10.0.19044.1645]
(c) Microsoft Corporation. All rights reserved.

C:\Users\shu53>ssh shu53@ugrax.cs.jhu.edu
ssh: Could not resolve hostname ugrax.cs.jhu.edu: No such host is known.

C:\Users\shu53>ssh shu53@ugradx.cs.jhu.edu
shu53@ugradx.cs.jhu.edu's password:

****************************** ugradx.cs.jhu.edu *******************************

                                 UPDATE NOTICE:

  This computer is running Fedora 38, an upgrade to the old operating system,
  which was Fedora 36.  Please use this computer as you normally would, but if
 you notice any problems, please submit them through the CS IT bug report form:

                http://support.cs.jhu.edu/forms/bug-report-form

        See https://support.cs.jhu.edu/ for answers to common questions
       about our systems.  If you have further questions, please e-mail:
                               support@cs.jhu.edu

     REMINDER:  Please do not run the 'sudo' command on our Linux systems.

*********** Fedora release 38 (Thirty Eight) / kernel 6.4.11 x86_64 ************

Last login: Wed Sep  6 14:16:45 2023 from 10.160.167.123
shu53: 315KiB used out of 10GiB quota
[shu53@ugradx ~]$ pwd
/home/shu53
[shu53@ugradx ~]$ ls
 2023-fall-student-shu53   Desktop  '#ex2.c#'   ex3~        git.log.txt    hello_world.c   README             test.c
 a.out                     ex2       ex2.c      ex3.zip     gitlog.txt     Mail            README~            test.c~
 cs220-f23-public          ex2~      ex3        file1.txt   hello_world~   public_html     README_FIRST.txt
[shu53@ugradx ~]$ cd ~
[shu53@ugradx ~]$ cd ~
[shu53@ugradx ~]$ git clone https://github.com/jhu-ip/cs220-f23-public.git
fatal: destination path 'cs220-f23-public' already exists and is not an empty directory.
[shu53@ugradx ~]$ cd cs220-f23-public
[shu53@ugradx cs220-f23-public]$ ls
[shu53@ugradx cs220-f23-public]$ ls
[shu53@ugradx cs220-f23-public]$ git clone git@github.com:jhu-ip/cs220-f23-public.git
Cloning into 'cs220-f23-public'...
The authenticity of host 'github.com (140.82.113.4)' can't be established.
ED25519 key fingerprint is SHA256:+DiY3wvvV6TuJJhbpZisF/zLDA0zPMSvHdkr4UvCOqU.
This key is not known by any other names
Are you sure you want to continue connecting (yes/no/[fingerprint])? y
Please type 'yes', 'no' or the fingerprint: y
Please type 'yes', 'no' or the fingerprint: y
Please type 'yes', 'no' or the fingerprint: yes
Warning: Permanently added 'github.com' (ED25519) to the list of known hosts.
git@github.com: Permission denied (publickey).
fatal: Could not read from remote repository.

Please make sure you have the correct access rights
and the repository exists.
[shu53@ugradx cs220-f23-public]$ cd ..
[shu53@ugradx ~]$ ls
 2023-fall-student-shu53   Desktop  '#ex2.c#'   ex3~        git.log.txt    hello_world.c   README             test.c
 a.out                     ex2       ex2.c      ex3.zip     gitlog.txt     Mail            README~            test.c~
 cs220-f23-public          ex2~      ex3        file1.txt   hello_world~   public_html     README_FIRST.txt
[shu53@ugradx ~]$ cd css220*
-bash: cd: css220*: No such file or directory
[shu53@ugradx ~]$ cd cs220*
[shu53@ugradx cs220-f23-public]$ ls
[shu53@ugradx cs220-f23-public]$ git pull
fatal: not a git repository (or any parent up to mount point /)
Stopping at filesystem boundary (GIT_DISCOVERY_ACROSS_FILESYSTEM not set).
[shu53@ugradx cs220-f23-public]$ cd ..
[shu53@ugradx ~]$ git clone git@github.com:jhu-ip/cs220-f23-public.git
fatal: destination path 'cs220-f23-public' already exists and is not an empty directory.
[shu53@ugradx ~]$ rm -r cs220-f23-public
rm: remove write-protected regular file 'cs220-f23-public/.git/objects/pack/pack-e0d4a01827932a17794db949592a851df598f757.pack'? yes
rm: remove write-protected regular file 'cs220-f23-public/.git/objects/pack/pack-e0d4a01827932a17794db949592a851df598f757.idx'?
rm: cannot remove 'cs220-f23-public/.git/objects/pack': Directory not empty
[shu53@ugradx ~]$ y
bash: y: command not found...
[shu53@ugradx ~]$ ls
 2023-fall-student-shu53   Desktop  '#ex2.c#'   ex3~        git.log.txt    hello_world.c   README             test.c
 a.out                     ex2       ex2.c      ex3.zip     gitlog.txt     Mail            README~            test.c~
 cs220-f23-public          ex2~      ex3        file1.txt   hello_world~   public_html     README_FIRST.txt
[shu53@ugradx ~]$ cd cs220*
[shu53@ugradx cs220-f23-public]$ ls
[shu53@ugradx cs220-f23-public]$ ssh-keygen -t rsa -b 2048
Generating public/private rsa key pair.
Enter file in which to save the key (/home/shu53/.ssh/id_rsa):
Enter passphrase (empty for no passphrase):
Enter same passphrase again:
Your identification has been saved in /home/shu53/.ssh/id_rsa
Your public key has been saved in /home/shu53/.ssh/id_rsa.pub
The key fingerprint is:
SHA256:ZOxLL7rJ284U4m3V2K26WGlYZZDsDFiUk0TaNyPWtfM shu53@ugradx.cs.jhu.edu
The key's randomart image is:
+---[RSA 2048]----+
|       *=+...    |
|      .+=.oo .   |
|      . B== =    |
|       = ooO +   |
|      . S + o E  |
|     . + B . .   |
|      . B = .    |
|     . B = .     |
|      *+= o.     |
+----[SHA256]-----+
[shu53@ugradx cs220-f23-public]$ ls -ld ~/.ssh
drwx------. 2 shu53 users 5 Sep  6 14:31 /home/shu53/.ssh
[shu53@ugradx cs220-f23-public]$ chmod 0700 ~/.ssh
[shu53@ugradx cs220-f23-public]$ cat ~/.ssh/id_rsa.pub
ssh-rsa AAAAB3NzaC1yc2EAAAADAQABAAABAQDRNPZD4Z83lRH3CyQoxqZqpjEGCCHXARr2Ac895mEMWPLH2/+PgvpJQRFRmRBsd8j0Iqung8i8r1r7ylTIlyw82Ow3GhvdRIf19H57vhJzHR5tjZxG0oDqmEv5T7cGhf0oaVIi0hqDpH+4XrcvjcRAZe/EwQZdb+ot4CZKdqQsmHLyalD7LA8CMxWEEFQ4nx60zLKc5XdubBuSOVniUF9Ep8RDaUs5PCvoQyo36hzRBETeFw9/y2Usa16zR5Sf5E1TboQMqIrJPQgvgKOaRDTYLZd5WvGRoBxjsmMP0sUkUldFbeSCJuLrZYrKQgaI1hYr+pEAZnUSEvvY0VnaaoiN shu53@ugradx.cs.jhu.edu
[shu53@ugradx cs220-f23-public]$ cd
[shu53@ugradx ~]$ git clone git@github.com:jhu-ip/cs220-f23-public.git
fatal: destination path 'cs220-f23-public' already exists and is not an empty directory.
[shu53@ugradx ~]$ ls
 2023-fall-student-shu53   Desktop  '#ex2.c#'   ex3~        git.log.txt    hello_world.c   README             test.c
 a.out                     ex2       ex2.c      ex3.zip     gitlog.txt     Mail            README~            test.c~
 cs220-f23-public          ex2~      ex3        file1.txt   hello_world~   public_html     README_FIRST.txt
[shu53@ugradx ~]$ mkdir intermediate_programming
[shu53@ugradx ~]$ cd intermediate_programming
[shu53@ugradx intermediate_programming]$ git clone git@github.com:jhu-ip/cs220-f23-public.git
Cloning into 'cs220-f23-public'...
remote: Enumerating objects: 23, done.
remote: Counting objects: 100% (23/23), done.
remote: Compressing objects: 100% (18/18), done.
remote: Total 23 (delta 1), reused 19 (delta 0), pack-reused 0
Receiving objects: 100% (23/23), 5.02 KiB | 285.00 KiB/s, done.
Resolving deltas: 100% (1/1), done.
[shu53@ugradx intermediate_programming]$ ls
cs220-f23-public
[shu53@ugradx intermediate_programming]$ cd cs220*
[shu53@ugradx cs220-f23-public]$ ls
exercises  README.md
[shu53@ugradx cs220-f23-public]$ cd ..
[shu53@ugradx intermediate_programming]$ cd ..
[shu53@ugradx ~]$ ls
 2023-fall-student-shu53   ex2        ex3         git.log.txt     intermediate_programming   README~
 a.out                     ex2~       ex3~        gitlog.txt      Mail                       README_FIRST.txt
 cs220-f23-public         '#ex2.c#'   ex3.zip     hello_world~    public_html                test.c
 Desktop                   ex2.c      file1.txt   hello_world.c   README                     test.c~
[shu53@ugradx ~]$ rm -r cs220-f23-public
rm: remove write-protected regular file 'cs220-f23-public/.git/objects/pack/pack-e0d4a01827932a17794db949592a851df598f757.idx'? yes
[shu53@ugradx ~]$ ls
 2023-fall-student-shu53   ex2~       ex3~          gitlog.txt                 Mail          README_FIRST.txt
 a.out                    '#ex2.c#'   ex3.zip       hello_world~               public_html   test.c
 Desktop                   ex2.c      file1.txt     hello_world.c              README        test.c~
 ex2                       ex3        git.log.txt   intermediate_programming   README~
[shu53@ugradx ~]$ git clone git@github.com:jhu-ip/cs220-f23-public.git
Cloning into 'cs220-f23-public'...
remote: Enumerating objects: 23, done.
remote: Counting objects: 100% (23/23), done.
remote: Compressing objects: 100% (18/18), done.
remote: Total 23 (delta 1), reused 19 (delta 0), pack-reused 0
Receiving objects: 100% (23/23), 5.02 KiB | 270.00 KiB/s, done.
Resolving deltas: 100% (1/1), done.
[shu53@ugradx ~]$ rm -r intermediate*
rm: remove write-protected regular file 'intermediate_programming/cs220-f23-public/.git/objects/pack/pack-e0d4a01827932a17794db949592a851df598f757.pack'? yes
rm: remove write-protected regular file 'intermediate_programming/cs220-f23-public/.git/objects/pack/pack-e0d4a01827932a17794db949592a851df598f757.idx'? yes
rm: remove write-protected regular file 'intermediate_programming/cs220-f23-public/.git/objects/pack/pack-e0d4a01827932a17794db949592a851df598f757.rev'? yes
y[shu53@ugradx ~]$ ls
 2023-fall-student-shu53   Desktop  '#ex2.c#'   ex3~        git.log.txt    hello_world.c   README             test.c
 a.out                     ex2       ex2.c      ex3.zip     gitlog.txt     Mail            README~            test.c~
 cs220-f23-public          ex2~      ex3        file1.txt   hello_world~   public_html     README_FIRST.txt
[shu53@ugradx ~]$ cd cs220*
[shu53@ugradx cs220-f23-public]$ ls
exercises  README.md
[shu53@ugradx cs220-f23-public]$ cd .
[shu53@ugradx cs220-f23-public]$ cd ..
[shu53@ugradx ~]$ ls
 2023-fall-student-shu53   Desktop  '#ex2.c#'   ex3~        git.log.txt    hello_world.c   README             test.c
 a.out                     ex2       ex2.c      ex3.zip     gitlog.txt     Mail            README~            test.c~
 cs220-f23-public          ex2~      ex3        file1.txt   hello_world~   public_html     README_FIRST.txt
[shu53@ugradx ~]$ cd 2023*
[shu53@ugradx 2023-fall-student-shu53]$ ls
gitlog.txt  README
[shu53@ugradx 2023-fall-student-shu53]$ rm -r .
rm: refusing to remove '.' or '..' directory: skipping '.'
[shu53@ugradx 2023-fall-student-shu53]$ cd ..
[shu53@ugradx ~]$ ls
 2023-fall-student-shu53   Desktop  '#ex2.c#'   ex3~        git.log.txt    hello_world.c   README             test.c
 a.out                     ex2       ex2.c      ex3.zip     gitlog.txt     Mail            README~            test.c~
 cs220-f23-public          ex2~      ex3        file1.txt   hello_world~   public_html     README_FIRST.txt
[shu53@ugradx ~]$ rm -r 2023-fall-student-shu53
rm: remove write-protected regular file '2023-fall-student-shu53/.git/objects/bd/0c440bf62b6a4de0ea42bb5d6a36f3cfcdfe64'? yes
rm: remove write-protected regular file '2023-fall-student-shu53/.git/objects/67/ddea9310ae9c08606be802e85705cd2a44307f'? yes
rm: remove write-protected regular file '2023-fall-student-shu53/.git/objects/fb/b2c70ce36e2f0cef57fa6e99e7b6060b1db8d9'? yes
rm: remove write-protected regular file '2023-fall-student-shu53/.git/objects/87/b6dc83d653c06be1b9408d211b5f23365cf16d'? yes
rm: remove write-protected regular file '2023-fall-student-shu53/.git/objects/2c/feb0fab87af5fd06fc49f48b6e1dc21abc0789'? yes
rm: remove write-protected regular file '2023-fall-student-shu53/.git/objects/d6/422ca088a84d9d519754db9992ad01dede941b'? yes
[shu53@ugradx ~]$ ls
 a.out              ex2        ex2.c   ex3.zip       gitlog.txt      Mail          README~            test.c~
 cs220-f23-public   ex2~       ex3     file1.txt     hello_world~    public_html   README_FIRST.txt
 Desktop           '#ex2.c#'   ex3~    git.log.txt   hello_world.c   README        test.c
[shu53@ugradx ~]$ git clone git@github.com:jhu-ip/2023-fall-student-shu53.git
Cloning into '2023-fall-student-shu53'...
remote: Enumerating objects: 6, done.
remote: Counting objects: 100% (6/6), done.
remote: Compressing objects: 100% (3/3), done.
remote: Total 6 (delta 0), reused 6 (delta 0), pack-reused 0
Receiving objects: 100% (6/6), done.
[shu53@ugradx ~]$ ls
 2023-fall-student-shu53   Desktop  '#ex2.c#'   ex3~        git.log.txt    hello_world.c   README             test.c
 a.out                     ex2       ex2.c      ex3.zip     gitlog.txt     Mail            README~            test.c~
 cs220-f23-public          ex2~      ex3        file1.txt   hello_world~   public_html     README_FIRST.txt
[shu53@ugradx ~]$ cd 2023*
[shu53@ugradx 2023-fall-student-shu53]$ ls
README
[shu53@ugradx 2023-fall-student-shu53]$ emacs README
[shu53@ugradx 2023-fall-student-shu53]$ cd ..
[shu53@ugradx ~]$ ls
 2023-fall-student-shu53   Desktop  '#ex2.c#'   ex3~        git.log.txt    hello_world.c   README             test.c
 a.out                     ex2       ex2.c      ex3.zip     gitlog.txt     Mail            README~            test.c~
 cs220-f23-public          ex2~      ex3        file1.txt   hello_world~   public_html     README_FIRST.txt
[shu53@ugradx ~]$ cd 2023*
[shu53@ugradx 2023-fall-student-shu53]$ ls
README
[shu53@ugradx 2023-fall-student-shu53]$ mkdir exercises
[shu53@ugradx 2023-fall-student-shu53]$ cd exercised
-bash: cd: exercised: No such file or directory
[shu53@ugradx 2023-fall-student-shu53]$ cd exercises
[shu53@ugradx exercises]$ pwd
/home/shu53/2023-fall-student-shu53/exercises
[shu53@ugradx exercises]$ cd ..
[shu53@ugradx 2023-fall-student-shu53]$ cd ..
[shu53@ugradx ~]$ ls
 2023-fall-student-shu53   Desktop  '#ex2.c#'   ex3~        git.log.txt    hello_world.c   README             test.c
 a.out                     ex2       ex2.c      ex3.zip     gitlog.txt     Mail            README~            test.c~
 cs220-f23-public          ex2~      ex3        file1.txt   hello_world~   public_html     README_FIRST.txt
[shu53@ugradx ~]$ cs cs220-f23*
bash: cs: command not found...
Similar commands are::
'ss'
'cc'
[shu53@ugradx ~]$ cd cs220*
[shu53@ugradx cs220-f23-public]$ ls
exercises  README.md
[shu53@ugradx cs220-f23-public]$ cd exercises
[shu53@ugradx exercises]$ ls
ex02  ex03b  ex04  ex05
[shu53@ugradx exercises]$ cp -r . /home/shu53/2023-fall-student-shu53/exercises
[shu53@ugradx exercises]$ cd /home/shu53/2023-fall-student-shu53/exercises
[shu53@ugradx exercises]$ ls
ex02  ex03b  ex04  ex05
[shu53@ugradx exercises]$ pwd
/home/shu53/2023-fall-student-shu53/exercises
[shu53@ugradx exercises]$ git add .
[shu53@ugradx exercises]$ git commit -m "Copy exercises into directory"
[master 0e5512f] Copy exercises into directory
 8 files changed, 244 insertions(+)
 create mode 100644 exercises/ex02/hello_world.c
 create mode 100644 exercises/ex03b/helloworld.c
 create mode 100644 exercises/ex04/gpa_simple.c
 create mode 100644 exercises/ex05/.bash_profile
 create mode 100644 exercises/ex05/.bashrc
 create mode 100644 exercises/ex05/count1.c
 create mode 100644 exercises/ex05/count2.c
 create mode 100644 exercises/ex05/count3.c
[shu53@ugradx exercises]$ git push
Enumerating objects: 15, done.
Counting objects: 100% (15/15), done.
Delta compression using up to 24 threads
Compressing objects: 100% (11/11), done.
Writing objects: 100% (14/14), 3.82 KiB | 29.00 KiB/s, done.
Total 14 (delta 0), reused 0 (delta 0), pack-reused 0
To github.com:jhu-ip/2023-fall-student-shu53.git
   67ddea9..0e5512f  master -> master
[shu53@ugradx exercises]$ ls
ex02  ex03b  ex04  ex05
[shu53@ugradx exercises]$ pwd
/home/shu53/2023-fall-student-shu53/exercises
[shu53@ugradx exercises]$ ls
ex02  ex03b  ex04  ex05
[shu53@ugradx exercises]$
